// Jest Snapshot v1, https://goo.gl/fbAQLP

exports[`<Filters /> DefaultInteractive story renders snapshot 1`] = `
<div>
  <button
    class="clickable-style clickable-style--lg clickable-style--secondary clickable-style--neutral button filters__button button--secondary"
    data-bootstrap-override="clickable-style-secondary"
    type="button"
  >
    <svg
      aria-hidden="true"
      class="icon"
      fill="currentColor"
      height="1.5rem"
      style="--icon-size: 1.5rem;"
      width="1.5rem"
      xmlns="http://www.w3.org/2000/svg"
    >
      <use
        xlink:href="test-file-stub#filter-list"
      />
    </svg>
    Filters 
  </button>
</div>
`;

exports[`<Filters /> FiltersDrawerComponent story renders snapshot 1`] = `null`;

exports[`<Filters /> FiltersDrawerComponentNoLegend story renders snapshot 1`] = `null`;

exports[`<Filters /> OverflowInteractive story renders snapshot 1`] = `
<div>
  <button
    class="clickable-style clickable-style--lg clickable-style--secondary clickable-style--neutral button filters__button button--secondary"
    data-bootstrap-override="clickable-style-secondary"
    type="button"
  >
    <svg
      aria-hidden="true"
      class="icon"
      fill="currentColor"
      height="1.5rem"
      style="--icon-size: 1.5rem;"
      width="1.5rem"
      xmlns="http://www.w3.org/2000/svg"
    >
      <use
        xlink:href="test-file-stub#filter-list"
      />
    </svg>
    Filters 
  </button>
</div>
`;
