// Jest Snapshot v1, https://goo.gl/fbAQLP

exports[`<Select /> Generated Snapshots AdjustedWidth story renders snapshot 1`] = `
<div
  class="select select--label-layout-vertical w-[240px]"
  data-headlessui-state="open"
  data-open=""
  data-testid="dropdown"
>
  <div
    class="select__overline"
  >
    <label
      class="label label--md select__label"
      data-headlessui-state="open"
      data-open=""
      for="headlessui-listbox-button-:r43:"
      id="headlessui-label-:r42:"
    >
      <span
        class="text text--label-md"
      >
        Favorite Animal
      </span>
    </label>
  </div>
  <button
    aria-controls="headlessui-listbox-options-:r44:"
    aria-expanded="true"
    aria-haspopup="listbox"
    aria-labelledby="headlessui-label-:r42: headlessui-listbox-button-:r43:"
    class="select-button"
    data-active=""
    data-headlessui-state="open active"
    data-open=""
    id="headlessui-listbox-button-:r43:"
    type="button"
  >
    <span
      class="text text--input"
    >
      Dogs
    </span>
    <svg
      aria-hidden="true"
      class="icon select-button__icon select-button__icon--reversed"
      fill="currentColor"
      height="24px"
      style="--icon-size: 24px;"
      viewBox="0 0 24 24"
      width="24px"
      xmlns="http://www.w3.org/2000/svg"
    >
      <path
        d="M11.9999 14.379C11.8923 14.379 11.7929 14.3614 11.7019 14.3262C11.6109 14.2909 11.5218 14.2296 11.4344 14.1425L7.04619 9.75397C6.95252 9.66047 6.90252 9.54572 6.89619 9.40972C6.88969 9.27388 6.93969 9.1528 7.04619 9.04647C7.15252 8.93997 7.27044 8.88672 7.39994 8.88672C7.52944 8.88672 7.64736 8.93997 7.75369 9.04647L11.9999 13.2925L16.2462 9.04647C16.3397 8.9528 16.4544 8.9028 16.5904 8.89647C16.7263 8.88997 16.8474 8.93997 16.9537 9.04647C17.0602 9.1528 17.1134 9.27072 17.1134 9.40022C17.1134 9.52972 17.0602 9.64764 16.9537 9.75397L12.5654 14.1425C12.4781 14.2296 12.3889 14.2909 12.2979 14.3262C12.2069 14.3614 12.1076 14.379 11.9999 14.379Z"
      />
    </svg>
  </button>
</div>
`;

exports[`<Select /> Generated Snapshots Default story renders snapshot 1`] = `
<div
  class="select select--label-layout-vertical w-60"
  data-headlessui-state="open"
  data-open=""
  data-testid="dropdown"
>
  <div
    class="select__overline"
  >
    <label
      class="label label--md select__label"
      data-headlessui-state="open"
      data-open=""
      for="headlessui-listbox-button-:r3:"
      id="headlessui-label-:r2:"
    >
      <span
        class="text text--label-md"
      >
        Favorite Animal
      </span>
    </label>
  </div>
  <button
    aria-controls="headlessui-listbox-options-:r4:"
    aria-expanded="true"
    aria-haspopup="listbox"
    aria-labelledby="headlessui-label-:r2: headlessui-listbox-button-:r3:"
    class="select-button"
    data-active=""
    data-headlessui-state="open active"
    data-open=""
    id="headlessui-listbox-button-:r3:"
    type="button"
  >
    <span
      class="text text--input"
    >
      Dogs
    </span>
    <svg
      aria-hidden="true"
      class="icon select-button__icon select-button__icon--reversed"
      fill="currentColor"
      height="24px"
      style="--icon-size: 24px;"
      viewBox="0 0 24 24"
      width="24px"
      xmlns="http://www.w3.org/2000/svg"
    >
      <path
        d="M11.9999 14.379C11.8923 14.379 11.7929 14.3614 11.7019 14.3262C11.6109 14.2909 11.5218 14.2296 11.4344 14.1425L7.04619 9.75397C6.95252 9.66047 6.90252 9.54572 6.89619 9.40972C6.88969 9.27388 6.93969 9.1528 7.04619 9.04647C7.15252 8.93997 7.27044 8.88672 7.39994 8.88672C7.52944 8.88672 7.64736 8.93997 7.75369 9.04647L11.9999 13.2925L16.2462 9.04647C16.3397 8.9528 16.4544 8.9028 16.5904 8.89647C16.7263 8.88997 16.8474 8.93997 16.9537 9.04647C17.0602 9.1528 17.1134 9.27072 17.1134 9.40022C17.1134 9.52972 17.0602 9.64764 16.9537 9.75397L12.5654 14.1425C12.4781 14.2296 12.3889 14.2909 12.2979 14.3262C12.2069 14.3614 12.1076 14.379 11.9999 14.379Z"
      />
    </svg>
  </button>
</div>
`;

exports[`<Select /> Generated Snapshots Error story renders snapshot 1`] = `
<div
  class="select select--has-fieldNote select--label-layout-vertical w-[384px]"
  data-headlessui-state="open"
  data-open=""
  data-testid="dropdown"
>
  <div
    class="select__overline"
  >
    <label
      class="label label--md select__label"
      data-headlessui-state="open"
      data-open=""
      for="headlessui-listbox-button-:r5a:"
      id="headlessui-label-:r59:"
    >
      <span
        class="text text--label-md"
      >
        Favorite Animal
      </span>
    </label>
    <span
      class="text text--body-sm select__required-text"
    >
      (Required)
    </span>
    <div
      class="select__subLabel"
    >
      <span
        class="text text--body-sm"
      >
        Some descriptive text
      </span>
    </div>
  </div>
  <button
    aria-controls="headlessui-listbox-options-:r5b:"
    aria-expanded="true"
    aria-haspopup="listbox"
    aria-labelledby="headlessui-label-:r59: headlessui-listbox-button-:r5a:"
    class="select-button select-button--error"
    data-active=""
    data-headlessui-state="open active"
    data-open=""
    id="headlessui-listbox-button-:r5a:"
    type="button"
  >
    <span
      class="text text--input"
    >
      Dogs
    </span>
    <svg
      aria-hidden="true"
      class="icon select-button__icon select-button__icon--reversed"
      fill="currentColor"
      height="24px"
      style="--icon-size: 24px;"
      viewBox="0 0 24 24"
      width="24px"
      xmlns="http://www.w3.org/2000/svg"
    >
      <path
        d="M11.9999 14.379C11.8923 14.379 11.7929 14.3614 11.7019 14.3262C11.6109 14.2909 11.5218 14.2296 11.4344 14.1425L7.04619 9.75397C6.95252 9.66047 6.90252 9.54572 6.89619 9.40972C6.88969 9.27388 6.93969 9.1528 7.04619 9.04647C7.15252 8.93997 7.27044 8.88672 7.39994 8.88672C7.52944 8.88672 7.64736 8.93997 7.75369 9.04647L11.9999 13.2925L16.2462 9.04647C16.3397 8.9528 16.4544 8.9028 16.5904 8.89647C16.7263 8.88997 16.8474 8.93997 16.9537 9.04647C17.0602 9.1528 17.1134 9.27072 17.1134 9.40022C17.1134 9.52972 17.0602 9.64764 16.9537 9.75397L12.5654 14.1425C12.4781 14.2296 12.3889 14.2909 12.2979 14.3262C12.2069 14.3614 12.1076 14.379 11.9999 14.379Z"
      />
    </svg>
  </button>
</div>
`;

exports[`<Select /> Generated Snapshots HorizontalLabel story renders snapshot 1`] = `
<div
  class="select select--label-layout-horizontal w-60"
  data-headlessui-state="open"
  data-open=""
  data-testid="dropdown"
>
  <div
    class="select__overline"
  >
    <label
      class="label label--md select__label"
      data-headlessui-state="open"
      data-open=""
      for="headlessui-listbox-button-:rg:"
      id="headlessui-label-:rf:"
    >
      <span
        class="text text--label-md"
      >
        Animal?
      </span>
    </label>
  </div>
  <button
    aria-controls="headlessui-listbox-options-:rh:"
    aria-expanded="true"
    aria-haspopup="listbox"
    aria-labelledby="headlessui-label-:rf: headlessui-listbox-button-:rg:"
    class="select-button"
    data-active=""
    data-headlessui-state="open active"
    data-open=""
    id="headlessui-listbox-button-:rg:"
    type="button"
  >
    <span
      class="text text--input"
    >
      Dogs
    </span>
    <svg
      aria-hidden="true"
      class="icon select-button__icon select-button__icon--reversed"
      fill="currentColor"
      height="24px"
      style="--icon-size: 24px;"
      viewBox="0 0 24 24"
      width="24px"
      xmlns="http://www.w3.org/2000/svg"
    >
      <path
        d="M11.9999 14.379C11.8923 14.379 11.7929 14.3614 11.7019 14.3262C11.6109 14.2909 11.5218 14.2296 11.4344 14.1425L7.04619 9.75397C6.95252 9.66047 6.90252 9.54572 6.89619 9.40972C6.88969 9.27388 6.93969 9.1528 7.04619 9.04647C7.15252 8.93997 7.27044 8.88672 7.39994 8.88672C7.52944 8.88672 7.64736 8.93997 7.75369 9.04647L11.9999 13.2925L16.2462 9.04647C16.3397 8.9528 16.4544 8.9028 16.5904 8.89647C16.7263 8.88997 16.8474 8.93997 16.9537 9.04647C17.0602 9.1528 17.1134 9.27072 17.1134 9.40022C17.1134 9.52972 17.0602 9.64764 16.9537 9.75397L12.5654 14.1425C12.4781 14.2296 12.3889 14.2909 12.2979 14.3262C12.2069 14.3614 12.1076 14.379 11.9999 14.379Z"
      />
    </svg>
  </button>
</div>
`;

exports[`<Select /> Generated Snapshots MultipleWithTruncation story renders snapshot 1`] = `
<div
  class="select select--label-layout-vertical w-[240px]"
  data-headlessui-state="open"
  data-open=""
  data-testid="dropdown"
>
  <div
    class="select__overline"
  >
    <label
      class="label label--md select__label"
      data-headlessui-state="open"
      data-open=""
      for="headlessui-listbox-button-:r3m:"
      id="headlessui-label-:r3l:"
    >
      <span
        class="text text--label-md"
      >
        Favorite Animal(s)
      </span>
    </label>
  </div>
  <button
    aria-controls="headlessui-listbox-options-:r3n:"
    aria-expanded="true"
    aria-haspopup="listbox"
    aria-labelledby="headlessui-label-:r3l: headlessui-listbox-button-:r3m:"
    class="select-button"
    data-active=""
    data-headlessui-state="open active"
    data-open=""
    id="headlessui-listbox-button-:r3m:"
    type="button"
  >
    <span
      class="text text--input select-button__text--truncated"
    >
      1
       long selected description
    </span>
    <svg
      aria-hidden="true"
      class="icon select-button__icon select-button__icon--reversed"
      fill="currentColor"
      height="24px"
      style="--icon-size: 24px;"
      viewBox="0 0 24 24"
      width="24px"
      xmlns="http://www.w3.org/2000/svg"
    >
      <path
        d="M11.9999 14.379C11.8923 14.379 11.7929 14.3614 11.7019 14.3262C11.6109 14.2909 11.5218 14.2296 11.4344 14.1425L7.04619 9.75397C6.95252 9.66047 6.90252 9.54572 6.89619 9.40972C6.88969 9.27388 6.93969 9.1528 7.04619 9.04647C7.15252 8.93997 7.27044 8.88672 7.39994 8.88672C7.52944 8.88672 7.64736 8.93997 7.75369 9.04647L11.9999 13.2925L16.2462 9.04647C16.3397 8.9528 16.4544 8.9028 16.5904 8.89647C16.7263 8.88997 16.8474 8.93997 16.9537 9.04647C17.0602 9.1528 17.1134 9.27072 17.1134 9.40022C17.1134 9.52972 17.0602 9.64764 16.9537 9.75397L12.5654 14.1425C12.4781 14.2296 12.3889 14.2909 12.2979 14.3262C12.2069 14.3614 12.1076 14.379 11.9999 14.379Z"
      />
    </svg>
  </button>
</div>
`;

exports[`<Select /> Generated Snapshots NoVisibleLabel story renders snapshot 1`] = `
<div
  class="select select--label-layout-vertical w-60"
  data-headlessui-state="open"
  data-open=""
  data-testid="dropdown"
>
  <button
    aria-controls="headlessui-listbox-options-:r64:"
    aria-expanded="true"
    aria-haspopup="listbox"
    class="select-button"
    data-active=""
    data-headlessui-state="open active"
    data-open=""
    id="headlessui-listbox-button-:r63:"
    type="button"
  >
    <span
      class="text text--input"
    >
      Dogs
    </span>
    <svg
      aria-hidden="true"
      class="icon select-button__icon select-button__icon--reversed"
      fill="currentColor"
      height="24px"
      style="--icon-size: 24px;"
      viewBox="0 0 24 24"
      width="24px"
      xmlns="http://www.w3.org/2000/svg"
    >
      <path
        d="M11.9999 14.379C11.8923 14.379 11.7929 14.3614 11.7019 14.3262C11.6109 14.2909 11.5218 14.2296 11.4344 14.1425L7.04619 9.75397C6.95252 9.66047 6.90252 9.54572 6.89619 9.40972C6.88969 9.27388 6.93969 9.1528 7.04619 9.04647C7.15252 8.93997 7.27044 8.88672 7.39994 8.88672C7.52944 8.88672 7.64736 8.93997 7.75369 9.04647L11.9999 13.2925L16.2462 9.04647C16.3397 8.9528 16.4544 8.9028 16.5904 8.89647C16.7263 8.88997 16.8474 8.93997 16.9537 9.04647C17.0602 9.1528 17.1134 9.27072 17.1134 9.40022C17.1134 9.52972 17.0602 9.64764 16.9537 9.75397L12.5654 14.1425C12.4781 14.2296 12.3889 14.2909 12.2979 14.3262C12.2069 14.3614 12.1076 14.379 11.9999 14.379Z"
      />
    </svg>
  </button>
</div>
`;

exports[`<Select /> Generated Snapshots NoVisibleLabelButRequired story renders snapshot 1`] = `
<div
  class="select select--label-layout-vertical w-[384px]"
  data-headlessui-state="open"
  data-open=""
  data-testid="dropdown"
>
  <div
    class="select__overline select__overline--no-label"
  >
    <label
      class="label label--md select__label"
      data-headlessui-state="open"
      data-open=""
      for="headlessui-listbox-button-:r6g:"
      id="headlessui-label-:r6f:"
    >
      <span
        class="text text--label-md"
      />
    </label>
  </div>
  <button
    aria-controls="headlessui-listbox-options-:r6h:"
    aria-expanded="true"
    aria-haspopup="listbox"
    aria-labelledby="headlessui-label-:r6f: headlessui-listbox-button-:r6g:"
    class="select-button"
    data-active=""
    data-headlessui-state="open active"
    data-open=""
    id="headlessui-listbox-button-:r6g:"
    type="button"
  >
    <span
      class="text text--input"
    >
      Dogs
    </span>
    <svg
      aria-hidden="true"
      class="icon select-button__icon select-button__icon--reversed"
      fill="currentColor"
      height="24px"
      style="--icon-size: 24px;"
      viewBox="0 0 24 24"
      width="24px"
      xmlns="http://www.w3.org/2000/svg"
    >
      <path
        d="M11.9999 14.379C11.8923 14.379 11.7929 14.3614 11.7019 14.3262C11.6109 14.2909 11.5218 14.2296 11.4344 14.1425L7.04619 9.75397C6.95252 9.66047 6.90252 9.54572 6.89619 9.40972C6.88969 9.27388 6.93969 9.1528 7.04619 9.04647C7.15252 8.93997 7.27044 8.88672 7.39994 8.88672C7.52944 8.88672 7.64736 8.93997 7.75369 9.04647L11.9999 13.2925L16.2462 9.04647C16.3397 8.9528 16.4544 8.9028 16.5904 8.89647C16.7263 8.88997 16.8474 8.93997 16.9537 9.04647C17.0602 9.1528 17.1134 9.27072 17.1134 9.40022C17.1134 9.52972 17.0602 9.64764 16.9537 9.75397L12.5654 14.1425C12.4781 14.2296 12.3889 14.2909 12.2979 14.3262C12.2069 14.3614 12.1076 14.379 11.9999 14.379Z"
      />
    </svg>
  </button>
</div>
`;

exports[`<Select /> Generated Snapshots Optional story renders snapshot 1`] = `
<div
  class="select select--label-layout-vertical w-[384px]"
  data-headlessui-state="open"
  data-open=""
  data-testid="dropdown"
>
  <div
    class="select__overline"
  >
    <label
      class="label label--md select__label"
      data-headlessui-state="open"
      data-open=""
      for="headlessui-listbox-button-:r4t:"
      id="headlessui-label-:r4s:"
    >
      <span
        class="text text--label-md"
      >
        Favorite Animal
      </span>
    </label>
    <span
      class="text text--body-sm select__required-text"
    >
      (Optional)
    </span>
    <div
      class="select__subLabel"
    >
      <span
        class="text text--body-sm"
      >
        Some descriptive text
      </span>
    </div>
  </div>
  <button
    aria-controls="headlessui-listbox-options-:r4u:"
    aria-expanded="true"
    aria-haspopup="listbox"
    aria-labelledby="headlessui-label-:r4s: headlessui-listbox-button-:r4t:"
    class="select-button"
    data-active=""
    data-headlessui-state="open active"
    data-open=""
    id="headlessui-listbox-button-:r4t:"
    type="button"
  >
    <span
      class="text text--input"
    >
      Dogs
    </span>
    <svg
      aria-hidden="true"
      class="icon select-button__icon select-button__icon--reversed"
      fill="currentColor"
      height="24px"
      style="--icon-size: 24px;"
      viewBox="0 0 24 24"
      width="24px"
      xmlns="http://www.w3.org/2000/svg"
    >
      <path
        d="M11.9999 14.379C11.8923 14.379 11.7929 14.3614 11.7019 14.3262C11.6109 14.2909 11.5218 14.2296 11.4344 14.1425L7.04619 9.75397C6.95252 9.66047 6.90252 9.54572 6.89619 9.40972C6.88969 9.27388 6.93969 9.1528 7.04619 9.04647C7.15252 8.93997 7.27044 8.88672 7.39994 8.88672C7.52944 8.88672 7.64736 8.93997 7.75369 9.04647L11.9999 13.2925L16.2462 9.04647C16.3397 8.9528 16.4544 8.9028 16.5904 8.89647C16.7263 8.88997 16.8474 8.93997 16.9537 9.04647C17.0602 9.1528 17.1134 9.27072 17.1134 9.40022C17.1134 9.52972 17.0602 9.64764 16.9537 9.75397L12.5654 14.1425C12.4781 14.2296 12.3889 14.2909 12.2979 14.3262C12.2069 14.3614 12.1076 14.379 11.9999 14.379Z"
      />
    </svg>
  </button>
</div>
`;

exports[`<Select /> Generated Snapshots Required story renders snapshot 1`] = `
<div
  class="select select--label-layout-vertical w-[384px]"
  data-headlessui-state="open"
  data-open=""
  data-testid="dropdown"
>
  <div
    class="select__overline"
  >
    <label
      class="label label--md select__label"
      data-headlessui-state="open"
      data-open=""
      for="headlessui-listbox-button-:r4g:"
      id="headlessui-label-:r4f:"
    >
      <span
        class="text text--label-md"
      >
        Favorite Animal
      </span>
    </label>
    <span
      class="text text--body-sm select__required-text"
    >
      (Required)
    </span>
    <div
      class="select__subLabel"
    >
      <span
        class="text text--body-sm"
      >
        Some descriptive text
      </span>
    </div>
  </div>
  <button
    aria-controls="headlessui-listbox-options-:r4h:"
    aria-expanded="true"
    aria-haspopup="listbox"
    aria-labelledby="headlessui-label-:r4f: headlessui-listbox-button-:r4g:"
    class="select-button"
    data-active=""
    data-headlessui-state="open active"
    data-open=""
    id="headlessui-listbox-button-:r4g:"
    type="button"
  >
    <span
      class="text text--input"
    >
      Dogs
    </span>
    <svg
      aria-hidden="true"
      class="icon select-button__icon select-button__icon--reversed"
      fill="currentColor"
      height="24px"
      style="--icon-size: 24px;"
      viewBox="0 0 24 24"
      width="24px"
      xmlns="http://www.w3.org/2000/svg"
    >
      <path
        d="M11.9999 14.379C11.8923 14.379 11.7929 14.3614 11.7019 14.3262C11.6109 14.2909 11.5218 14.2296 11.4344 14.1425L7.04619 9.75397C6.95252 9.66047 6.90252 9.54572 6.89619 9.40972C6.88969 9.27388 6.93969 9.1528 7.04619 9.04647C7.15252 8.93997 7.27044 8.88672 7.39994 8.88672C7.52944 8.88672 7.64736 8.93997 7.75369 9.04647L11.9999 13.2925L16.2462 9.04647C16.3397 8.9528 16.4544 8.9028 16.5904 8.89647C16.7263 8.88997 16.8474 8.93997 16.9537 9.04647C17.0602 9.1528 17.1134 9.27072 17.1134 9.40022C17.1134 9.52972 17.0602 9.64764 16.9537 9.75397L12.5654 14.1425C12.4781 14.2296 12.3889 14.2909 12.2979 14.3262C12.2069 14.3614 12.1076 14.379 11.9999 14.379Z"
      />
    </svg>
  </button>
</div>
`;

exports[`<Select /> Generated Snapshots StyledUncontrolled story renders snapshot 1`] = `
<div
  class="select select--label-layout-vertical"
  data-headlessui-state="open"
  data-open=""
  data-testid="dropdown"
>
  <button
    aria-controls="headlessui-listbox-options-:r3a:"
    aria-expanded="true"
    aria-haspopup="listbox"
    class="select-button"
    data-active=""
    data-headlessui-state="open active"
    data-open=""
    id="headlessui-listbox-button-:r39:"
    type="button"
  >
    <span
      class="text text--input"
    >
      Dogs
    </span>
    <svg
      aria-hidden="true"
      class="icon select-button__icon select-button__icon--reversed"
      fill="currentColor"
      height="24px"
      style="--icon-size: 24px;"
      viewBox="0 0 24 24"
      width="24px"
      xmlns="http://www.w3.org/2000/svg"
    >
      <path
        d="M11.9999 14.379C11.8923 14.379 11.7929 14.3614 11.7019 14.3262C11.6109 14.2909 11.5218 14.2296 11.4344 14.1425L7.04619 9.75397C6.95252 9.66047 6.90252 9.54572 6.89619 9.40972C6.88969 9.27388 6.93969 9.1528 7.04619 9.04647C7.15252 8.93997 7.27044 8.88672 7.39994 8.88672C7.52944 8.88672 7.64736 8.93997 7.75369 9.04647L11.9999 13.2925L16.2462 9.04647C16.3397 8.9528 16.4544 8.9028 16.5904 8.89647C16.7263 8.88997 16.8474 8.93997 16.9537 9.04647C17.0602 9.1528 17.1134 9.27072 17.1134 9.40022C17.1134 9.52972 17.0602 9.64764 16.9537 9.75397L12.5654 14.1425C12.4781 14.2296 12.3889 14.2909 12.2979 14.3262C12.2069 14.3614 12.1076 14.379 11.9999 14.379Z"
      />
    </svg>
  </button>
</div>
`;

exports[`<Select /> Generated Snapshots UncontrolledHeadless story renders snapshot 1`] = `
<div
  class="select select--label-layout-vertical"
  data-headlessui-state="open"
  data-open=""
  data-testid="dropdown"
>
  <button
    aria-controls="headlessui-listbox-options-:r2u:"
    aria-expanded="true"
    aria-haspopup="listbox"
    class="fpo"
    data-active=""
    data-headlessui-state="open active"
    data-open=""
    id="headlessui-listbox-button-:r2t:"
    type="button"
  >
    🐶🐕🐩
  </button>
</div>
`;

exports[`<Select /> Generated Snapshots Warning story renders snapshot 1`] = `
<div
  class="select select--has-fieldNote select--label-layout-vertical w-[384px]"
  data-headlessui-state="open"
  data-open=""
  data-testid="dropdown"
>
  <div
    class="select__overline"
  >
    <label
      class="label label--md select__label"
      data-headlessui-state="open"
      data-open=""
      for="headlessui-listbox-button-:r5n:"
      id="headlessui-label-:r5m:"
    >
      <span
        class="text text--label-md"
      >
        Favorite Animal
      </span>
    </label>
    <span
      class="text text--body-sm select__required-text"
    >
      (Optional)
    </span>
    <div
      class="select__subLabel"
    >
      <span
        class="text text--body-sm"
      >
        Some descriptive text
      </span>
    </div>
  </div>
  <button
    aria-controls="headlessui-listbox-options-:r5o:"
    aria-expanded="true"
    aria-haspopup="listbox"
    aria-labelledby="headlessui-label-:r5m: headlessui-listbox-button-:r5n:"
    class="select-button select-button--warning"
    data-active=""
    data-headlessui-state="open active"
    data-open=""
    id="headlessui-listbox-button-:r5n:"
    type="button"
  >
    <span
      class="text text--input"
    >
      Dogs
    </span>
    <svg
      aria-hidden="true"
      class="icon select-button__icon select-button__icon--reversed"
      fill="currentColor"
      height="24px"
      style="--icon-size: 24px;"
      viewBox="0 0 24 24"
      width="24px"
      xmlns="http://www.w3.org/2000/svg"
    >
      <path
        d="M11.9999 14.379C11.8923 14.379 11.7929 14.3614 11.7019 14.3262C11.6109 14.2909 11.5218 14.2296 11.4344 14.1425L7.04619 9.75397C6.95252 9.66047 6.90252 9.54572 6.89619 9.40972C6.88969 9.27388 6.93969 9.1528 7.04619 9.04647C7.15252 8.93997 7.27044 8.88672 7.39994 8.88672C7.52944 8.88672 7.64736 8.93997 7.75369 9.04647L11.9999 13.2925L16.2462 9.04647C16.3397 8.9528 16.4544 8.9028 16.5904 8.89647C16.7263 8.88997 16.8474 8.93997 16.9537 9.04647C17.0602 9.1528 17.1134 9.27072 17.1134 9.40022C17.1134 9.52972 17.0602 9.64764 16.9537 9.75397L12.5654 14.1425C12.4781 14.2296 12.3889 14.2909 12.2979 14.3262C12.2069 14.3614 12.1076 14.379 11.9999 14.379Z"
      />
    </svg>
  </button>
</div>
`;

exports[`<Select /> Generated Snapshots WithFieldName story renders snapshot 1`] = `
<div
  class="select select--label-layout-vertical w-60"
  data-headlessui-state="open"
  data-open=""
  data-testid="dropdown"
>
  <div
    class="select__overline"
  >
    <label
      class="label label--md select__label"
      data-headlessui-state="open"
      data-open=""
      for="headlessui-listbox-button-:r24:"
      id="headlessui-label-:r23:"
    >
      <span
        class="text text--label-md"
      >
        Favorite Animal
      </span>
    </label>
    <div
      class="select__subLabel"
    >
      <span
        class="text text--body-sm"
      >
        Additional descriptive text
      </span>
    </div>
  </div>
  <button
    aria-controls="headlessui-listbox-options-:r25:"
    aria-expanded="true"
    aria-haspopup="listbox"
    aria-labelledby="headlessui-label-:r23: headlessui-listbox-button-:r24:"
    class="select-button"
    data-active=""
    data-headlessui-state="open active"
    data-open=""
    id="headlessui-listbox-button-:r24:"
    type="button"
  >
    <span
      class="text text--input"
    >
      Dogs
    </span>
    <svg
      aria-hidden="true"
      class="icon select-button__icon select-button__icon--reversed"
      fill="currentColor"
      height="24px"
      style="--icon-size: 24px;"
      viewBox="0 0 24 24"
      width="24px"
      xmlns="http://www.w3.org/2000/svg"
    >
      <path
        d="M11.9999 14.379C11.8923 14.379 11.7929 14.3614 11.7019 14.3262C11.6109 14.2909 11.5218 14.2296 11.4344 14.1425L7.04619 9.75397C6.95252 9.66047 6.90252 9.54572 6.89619 9.40972C6.88969 9.27388 6.93969 9.1528 7.04619 9.04647C7.15252 8.93997 7.27044 8.88672 7.39994 8.88672C7.52944 8.88672 7.64736 8.93997 7.75369 9.04647L11.9999 13.2925L16.2462 9.04647C16.3397 8.9528 16.4544 8.9028 16.5904 8.89647C16.7263 8.88997 16.8474 8.93997 16.9537 9.04647C17.0602 9.1528 17.1134 9.27072 17.1134 9.40022C17.1134 9.52972 17.0602 9.64764 16.9537 9.75397L12.5654 14.1425C12.4781 14.2296 12.3889 14.2909 12.2979 14.3262C12.2069 14.3614 12.1076 14.379 11.9999 14.379Z"
      />
    </svg>
  </button>
</div>
`;

exports[`<Select /> Generated Snapshots WithFieldNote story renders snapshot 1`] = `
<div
  class="select select--has-fieldNote select--label-layout-vertical w-60"
  data-headlessui-state="open"
  data-open=""
  data-testid="dropdown"
>
  <div
    class="select__overline"
  >
    <label
      class="label label--md select__label"
      data-headlessui-state="open"
      data-open=""
      for="headlessui-listbox-button-:r2h:"
      id="headlessui-label-:r2g:"
    >
      <span
        class="text text--label-md"
      >
        Favorite Animal
      </span>
    </label>
  </div>
  <button
    aria-controls="headlessui-listbox-options-:r2i:"
    aria-expanded="true"
    aria-haspopup="listbox"
    aria-labelledby="headlessui-label-:r2g: headlessui-listbox-button-:r2h:"
    class="select-button"
    data-active=""
    data-headlessui-state="open active"
    data-open=""
    id="headlessui-listbox-button-:r2h:"
    type="button"
  >
    <span
      class="text text--input"
    >
      Dogs
    </span>
    <svg
      aria-hidden="true"
      class="icon select-button__icon select-button__icon--reversed"
      fill="currentColor"
      height="24px"
      style="--icon-size: 24px;"
      viewBox="0 0 24 24"
      width="24px"
      xmlns="http://www.w3.org/2000/svg"
    >
      <path
        d="M11.9999 14.379C11.8923 14.379 11.7929 14.3614 11.7019 14.3262C11.6109 14.2909 11.5218 14.2296 11.4344 14.1425L7.04619 9.75397C6.95252 9.66047 6.90252 9.54572 6.89619 9.40972C6.88969 9.27388 6.93969 9.1528 7.04619 9.04647C7.15252 8.93997 7.27044 8.88672 7.39994 8.88672C7.52944 8.88672 7.64736 8.93997 7.75369 9.04647L11.9999 13.2925L16.2462 9.04647C16.3397 8.9528 16.4544 8.9028 16.5904 8.89647C16.7263 8.88997 16.8474 8.93997 16.9537 9.04647C17.0602 9.1528 17.1134 9.27072 17.1134 9.40022C17.1134 9.52972 17.0602 9.64764 16.9537 9.75397L12.5654 14.1425C12.4781 14.2296 12.3889 14.2909 12.2979 14.3262C12.2069 14.3614 12.1076 14.379 11.9999 14.379Z"
      />
    </svg>
  </button>
</div>
`;

exports[`<Select /> Generated Snapshots WithSelectedBy story renders snapshot 1`] = `
<div
  class="select select--label-layout-vertical w-60"
  data-headlessui-state="open"
  data-open=""
  data-testid="dropdown"
>
  <div
    class="select__overline"
  >
    <label
      class="label label--md select__label"
      data-headlessui-state="open"
      data-open=""
      for="headlessui-listbox-button-:r1n:"
      id="headlessui-label-:r1m:"
    >
      <span
        class="text text--label-md"
      >
        Favorite Animal
      </span>
    </label>
  </div>
  <button
    aria-controls="headlessui-listbox-options-:r1o:"
    aria-expanded="true"
    aria-haspopup="listbox"
    aria-labelledby="headlessui-label-:r1m: headlessui-listbox-button-:r1n:"
    class="select-button"
    data-active=""
    data-headlessui-state="open active"
    data-open=""
    id="headlessui-listbox-button-:r1n:"
    type="button"
  >
    <span
      class="text text--input"
    >
      Cats
    </span>
    <svg
      aria-hidden="true"
      class="icon select-button__icon select-button__icon--reversed"
      fill="currentColor"
      height="24px"
      style="--icon-size: 24px;"
      viewBox="0 0 24 24"
      width="24px"
      xmlns="http://www.w3.org/2000/svg"
    >
      <path
        d="M11.9999 14.379C11.8923 14.379 11.7929 14.3614 11.7019 14.3262C11.6109 14.2909 11.5218 14.2296 11.4344 14.1425L7.04619 9.75397C6.95252 9.66047 6.90252 9.54572 6.89619 9.40972C6.88969 9.27388 6.93969 9.1528 7.04619 9.04647C7.15252 8.93997 7.27044 8.88672 7.39994 8.88672C7.52944 8.88672 7.64736 8.93997 7.75369 9.04647L11.9999 13.2925L16.2462 9.04647C16.3397 8.9528 16.4544 8.9028 16.5904 8.89647C16.7263 8.88997 16.8474 8.93997 16.9537 9.04647C17.0602 9.1528 17.1134 9.27072 17.1134 9.40022C17.1134 9.52972 17.0602 9.64764 16.9537 9.75397L12.5654 14.1425C12.4781 14.2296 12.3889 14.2909 12.2979 14.3262C12.2069 14.3614 12.1076 14.379 11.9999 14.379Z"
      />
    </svg>
  </button>
</div>
`;

exports[`<Select /> Generated Snapshots WithSelectedOption story renders snapshot 1`] = `
<div
  class="select select--label-layout-vertical w-60"
  data-headlessui-state="open"
  data-open=""
  data-testid="dropdown"
>
  <div
    class="select__overline"
  >
    <label
      class="label label--md select__label"
      data-headlessui-state="open"
      data-open=""
      for="headlessui-listbox-button-:r1a:"
      id="headlessui-label-:r19:"
    >
      <span
        class="text text--label-md"
      >
        Favorite Animal
      </span>
    </label>
  </div>
  <button
    aria-controls="headlessui-listbox-options-:r1b:"
    aria-expanded="true"
    aria-haspopup="listbox"
    aria-labelledby="headlessui-label-:r19: headlessui-listbox-button-:r1a:"
    class="select-button"
    data-active=""
    data-headlessui-state="open active"
    data-open=""
    id="headlessui-listbox-button-:r1a:"
    type="button"
  >
    <span
      class="text text--input"
    >
      Cats
    </span>
    <svg
      aria-hidden="true"
      class="icon select-button__icon select-button__icon--reversed"
      fill="currentColor"
      height="24px"
      style="--icon-size: 24px;"
      viewBox="0 0 24 24"
      width="24px"
      xmlns="http://www.w3.org/2000/svg"
    >
      <path
        d="M11.9999 14.379C11.8923 14.379 11.7929 14.3614 11.7019 14.3262C11.6109 14.2909 11.5218 14.2296 11.4344 14.1425L7.04619 9.75397C6.95252 9.66047 6.90252 9.54572 6.89619 9.40972C6.88969 9.27388 6.93969 9.1528 7.04619 9.04647C7.15252 8.93997 7.27044 8.88672 7.39994 8.88672C7.52944 8.88672 7.64736 8.93997 7.75369 9.04647L11.9999 13.2925L16.2462 9.04647C16.3397 8.9528 16.4544 8.9028 16.5904 8.89647C16.7263 8.88997 16.8474 8.93997 16.9537 9.04647C17.0602 9.1528 17.1134 9.27072 17.1134 9.40022C17.1134 9.52972 17.0602 9.64764 16.9537 9.75397L12.5654 14.1425C12.4781 14.2296 12.3889 14.2909 12.2979 14.3262C12.2069 14.3614 12.1076 14.379 11.9999 14.379Z"
      />
    </svg>
  </button>
</div>
`;

exports[`<Select /> Generated Snapshots WithStandardButton story renders snapshot 1`] = `
<div
  class="select select--label-layout-vertical"
  data-headlessui-state="open"
  data-open=""
  data-testid="dropdown"
>
  <div
    class="select__overline"
  >
    <label
      class="label label--md select__label"
      data-headlessui-state="open"
      data-open=""
      for="headlessui-listbox-button-:rt:"
      id="headlessui-label-:rs:"
    >
      <span
        class="text text--label-md"
      >
        Favorite Animal
      </span>
    </label>
  </div>
  <button
    aria-controls="headlessui-listbox-options-:ru:"
    aria-expanded="true"
    aria-haspopup="listbox"
    aria-labelledby="headlessui-label-:rs: headlessui-listbox-button-:rt:"
    class="select-button"
    data-active=""
    data-headlessui-state="open active"
    data-open=""
    id="headlessui-listbox-button-:rt:"
    type="button"
  >
    <span
      class="text text--input"
    >
      - Select Option -
    </span>
    <svg
      aria-hidden="true"
      class="icon select-button__icon select-button__icon--reversed"
      fill="currentColor"
      height="24px"
      style="--icon-size: 24px;"
      viewBox="0 0 24 24"
      width="24px"
      xmlns="http://www.w3.org/2000/svg"
    >
      <path
        d="M11.9999 14.379C11.8923 14.379 11.7929 14.3614 11.7019 14.3262C11.6109 14.2909 11.5218 14.2296 11.4344 14.1425L7.04619 9.75397C6.95252 9.66047 6.90252 9.54572 6.89619 9.40972C6.88969 9.27388 6.93969 9.1528 7.04619 9.04647C7.15252 8.93997 7.27044 8.88672 7.39994 8.88672C7.52944 8.88672 7.64736 8.93997 7.75369 9.04647L11.9999 13.2925L16.2462 9.04647C16.3397 8.9528 16.4544 8.9028 16.5904 8.89647C16.7263 8.88997 16.8474 8.93997 16.9537 9.04647C17.0602 9.1528 17.1134 9.27072 17.1134 9.40022C17.1134 9.52972 17.0602 9.64764 16.9537 9.75397L12.5654 14.1425C12.4781 14.2296 12.3889 14.2909 12.2979 14.3262C12.2069 14.3614 12.1076 14.379 11.9999 14.379Z"
      />
    </svg>
  </button>
</div>
`;
