// Jest Snapshot v1, https://goo.gl/fbAQLP

exports[`<Tabs /> Default story renders snapshot 1`] = `
<div
  class="tabs"
>
  <div
    class="tabs__header"
  >
    <ul
      class="tabs__list"
      role="tablist"
    >
      <li
        class="tabs__item eds-is-active"
        role="presentation"
      >
        <a
          aria-controls="1uid1"
          aria-selected="true"
          class="tabs__link"
          href="#1uid1"
          id="1uid10"
          role="tab"
          tabindex="0"
        >
          Tab Title 1
        </a>
      </li>
      <li
        class="tabs__item"
        role="presentation"
      >
        <a
          aria-controls="1uid2"
          aria-selected="false"
          class="tabs__link"
          href="#1uid2"
          id="1uid11"
          role="tab"
          tabindex="-1"
        >
          Tab Title 2
        </a>
      </li>
      <li
        class="tabs__item"
        role="presentation"
      >
        <a
          aria-controls="1uid3"
          aria-selected="false"
          class="tabs__link"
          href="#1uid3"
          id="1uid12"
          role="tab"
          tabindex="-1"
        >
          Tab Title 3
        </a>
      </li>
      <li
        class="tabs__item"
        role="presentation"
      >
        <a
          aria-controls="1uid4"
          aria-selected="false"
          class="tabs__link"
          href="#1uid4"
          id="1uid13"
          role="tab"
          tabindex="-1"
        >
          Tab Title 4
        </a>
      </li>
      <li
        class="tabs__item"
        role="presentation"
      >
        <a
          aria-controls="1uid5"
          aria-selected="false"
          class="tabs__link"
          href="#1uid5"
          id="1uid14"
          role="tab"
          tabindex="-1"
        >
          Tab Title 5
        </a>
      </li>
      <li
        class="tabs__item"
        role="presentation"
      >
        <a
          aria-controls="1uid6"
          aria-selected="false"
          class="tabs__link"
          href="#1uid6"
          id="1uid15"
          role="tab"
          tabindex="-1"
        >
          Tab Title 6
        </a>
      </li>
      <li
        class="tabs__item"
        role="presentation"
      >
        <a
          aria-controls="1uid7"
          aria-selected="false"
          class="tabs__link"
          href="#1uid7"
          id="1uid16"
          role="tab"
          tabindex="-1"
        >
          Tab Title 7
        </a>
      </li>
      <li
        class="tabs__item"
        role="presentation"
      >
        <a
          aria-controls="1uid8"
          aria-selected="false"
          class="tabs__link"
          href="#1uid8"
          id="1uid17"
          role="tab"
          tabindex="-1"
        >
          Tab Title 8
        </a>
      </li>
      <li
        class="tabs__item"
        role="presentation"
      >
        <a
          aria-controls="1uid9"
          aria-selected="false"
          class="tabs__link"
          href="#1uid9"
          id="1uid18"
          role="tab"
          tabindex="-1"
        >
          Tab Title 9
        </a>
      </li>
    </ul>
  </div>
  <div>
    <div
      aria-hidden="false"
      aria-labelledby="1uid10"
      id="1uid1"
      role="tabpanel"
    >
      <div
        class="layout-linelength-container text text--body text-passage text-passage--body"
      >
        <h3>
          Tab 1
        </h3>
        <p>
          Lorem ipsum dolor sit amet, consectetur adipiscing elit, sed do eiusmod tempor incididunt ut labore et dolore magna aliqua. Ut enim ad minim veniam, quis nostrud exercitation ullamco laboris nisi ut aliquip ex
           
        </p>
      </div>
    </div>
  </div>
</div>
`;
